// Jest Snapshot v1, https://goo.gl/fbAQLP

exports[`Renders App component 1`] = `
<DocumentFragment>
  <div
    class="routeSelection"
    data-testid="formDiv"
  >
    <form
      class="form"
    >
      <label
        class="label"
      >
        Choose A Route: 
      </label>
      <select>
        <option
          data-testid="noRoutes"
          value="1"
        >
          No routes available
        </option>
      </select>
    </form>
    <label
      class="direction"
    >
      Direction: 
    </label>
    <p
      data-testid="loading"
    >
      Loading...
    </p>
    <form>
      <button
        class="reverseButton"
        type="submit"
      >
        Change Direction
      </button>
    </form>
  </div>
  <div
    class="leaflet-container leaflet-grab leaflet-touch-drag"
    data-testid="mapDiv"
    id="map"
    style="overflow: hidden; width: 100%; height: 92vh; float: left; position: relative;"
    tabindex="0"
  >
    <div
      class="leaflet-pane leaflet-map-pane"
      style="left: 0px; top: 0px;"
    >
      <div
        class="leaflet-pane leaflet-tile-pane"
      />
      <div
        class="leaflet-pane leaflet-shadow-pane"
      />
      <div
        class="leaflet-pane leaflet-overlay-pane"
      />
      <div
        class="leaflet-pane leaflet-marker-pane"
      />
      <div
        class="leaflet-pane leaflet-tooltip-pane"
      />
      <div
        class="leaflet-pane leaflet-popup-pane"
      />
    </div>
    <div
      class="leaflet-control-container"
    >
      <div
        class="leaflet-top leaflet-left"
      >
        <div
          class="leaflet-control-zoom leaflet-bar leaflet-control"
        >
          <a
            aria-label="Zoom in"
            class="leaflet-control-zoom-in"
            href="#"
            role="button"
            title="Zoom in"
          >
            +
          </a>
          <a
            aria-label="Zoom out"
            class="leaflet-control-zoom-out"
            href="#"
            role="button"
            title="Zoom out"
          >
            −
          </a>
        </div>
      </div>
      <div
        class="leaflet-top leaflet-right"
      />
      <div
        class="leaflet-bottom leaflet-left"
      />
      <div
        class="leaflet-bottom leaflet-right"
      >
        <div
          class="leaflet-control-attribution leaflet-control"
        >
          <a
            href="https://leafletjs.com"
            title="A JS library for interactive maps"
          >
            Leaflet
          </a>
        </div>
      </div>
    </div>
  </div>
</DocumentFragment>
`;

exports[`Renders Form component 1`] = `
<DocumentFragment>
  <form
    class="form"
  >
    <label
      class="label"
    >
      Choose A Route: 
    </label>
    <select>
      <option
        data-testid="noRoutes"
        value="1"
      >
        No routes available
      </option>
    </select>
  </form>
</DocumentFragment>
`;

exports[`Renders Map component 1`] = `
<DocumentFragment>
  <div
    class="routeSelection"
    data-testid="formDiv"
  >
    <form
      class="form"
    >
      <label
        class="label"
      >
        Choose A Route: 
      </label>
      <select>
        <option
          data-testid="noRoutes"
          value="1"
        >
          No routes available
        </option>
      </select>
    </form>
    <label
      class="direction"
    >
      Direction: 
    </label>
    <p
      data-testid="loading"
    >
      Loading...
    </p>
    <form>
      <button
        class="reverseButton"
        type="submit"
      >
        Change Direction
      </button>
    </form>
  </div>
  <div
    class="leaflet-container leaflet-grab leaflet-touch-drag"
    data-testid="mapDiv"
    id="map"
    style="overflow: hidden; width: 100%; height: 92vh; float: left; position: relative;"
    tabindex="0"
  >
    <div
      class="leaflet-pane leaflet-map-pane"
      style="left: 0px; top: 0px;"
    >
      <div
        class="leaflet-pane leaflet-tile-pane"
      />
      <div
        class="leaflet-pane leaflet-shadow-pane"
      />
      <div
        class="leaflet-pane leaflet-overlay-pane"
      />
      <div
        class="leaflet-pane leaflet-marker-pane"
      />
      <div
        class="leaflet-pane leaflet-tooltip-pane"
      />
      <div
        class="leaflet-pane leaflet-popup-pane"
      />
    </div>
    <div
      class="leaflet-control-container"
    >
      <div
        class="leaflet-top leaflet-left"
      >
        <div
          class="leaflet-control-zoom leaflet-bar leaflet-control"
        >
          <a
            aria-label="Zoom in"
            class="leaflet-control-zoom-in"
            href="#"
            role="button"
            title="Zoom in"
          >
            +
          </a>
          <a
            aria-label="Zoom out"
            class="leaflet-control-zoom-out"
            href="#"
            role="button"
            title="Zoom out"
          >
            −
          </a>
        </div>
      </div>
      <div
        class="leaflet-top leaflet-right"
      />
      <div
        class="leaflet-bottom leaflet-left"
      />
      <div
        class="leaflet-bottom leaflet-right"
      >
        <div
          class="leaflet-control-attribution leaflet-control"
        >
          <a
            href="https://leafletjs.com"
            title="A JS library for interactive maps"
          >
            Leaflet
          </a>
        </div>
      </div>
    </div>
  </div>
</DocumentFragment>
`;
